// Jest Snapshot v1, https://goo.gl/fbAQLP

exports[`buildAst should 1`] = `
Array [
  export enum EnumTypeTypeType {
    C = "C",
    D = "D"
},
  export enum EnumTypeType {
    A = "A",
    B = "B"
},
  export interface User<DefaultType = any, MetadataType = object> {
    id: string;
    default: DefaultType;
    metadata: MetadataType;
    created_at: Date;
    deleted_at: Date | null;
    type: EnumTypeType[] | null;
    type_type: EnumTypeTypeType;
},
]
`;
